[doi-tac.html] Broken resource (img/script): ${project.image} -> File ${project.image} does not exist.